// Jest Snapshot v1, https://goo.gl/fbAQLP

exports[`<RepoLink /> should match the snapshot 1`] = `
.c0 {
  color: #41addd;
  height: 100%;
  color: black;
  display: -webkit-box;
  display: -webkit-flex;
  display: -ms-flexbox;
  display: flex;
  -webkit-align-items: center;
  -webkit-box-align: center;
  -ms-flex-align: center;
  align-items: center;
  width: 100%;
}

.c0:hover {
  color: #6cc0e5;
}

<a
  className="c0"
/>
`;
